<?xml version="1.0" encoding="UTF-8"?>
<testsuites name="Mocha Tests" time="0.015" tests="1" failures="0">
  <testsuite name="Root Suite" timestamp="2016-07-18T17:07:07" tests="0" failures="0" time="0">
  </testsuite>
  <testsuite name="Array" timestamp="2016-07-18T17:07:07" tests="0" failures="0" time="0">
  </testsuite>
  <testsuite name="#indexOf()" timestamp="2016-07-18T17:07:07" tests="1" failures="0" time="0.015">
    <testcase name="Root Suite Array #indexOf() should return -1 when the value is not present" time="0.015" classname="should return -1 when the value is not present">
    </testcase>
  </testsuite>
</testsuites>